[23:07:43] [main/INFO]: Loading Minecraft 1.20.1 with Fabric Loader 0.16.9
[23:07:43] [ForkJoinPool-1-worker-4/WARN]: Mod hamsters uses the version fabric-1.0.3-1.20.1 which isn't compatible with Loader's extended semantic version format (Could not parse version number component 'fabric'!), SemVer is recommended for reliably evaluating dependencies and prioritizing newer version
[23:07:43] [main/WARN]: Warnings were found!
 - Mod 'Exposure' (exposure) 1.7.10 recommends version 0.5.1-f or later of create, which is missing!
	 - You should install version 0.5.1-f or later of create for the optimal experience.
 - Mod 'Scout' (scout) 2.0.4+1.20.1 recommends version 1.1.3 or later of emi, which is missing!
	 - You should install version 1.1.3 or later of emi for the optimal experience.
 - Mod 'Simply Swords' (simplyswords) 1.56.0-1.20.1 recommends version 1.7.2 or later of bettercombat, which is missing!
	 - You should install version 1.7.2 or later of bettercombat for the optimal experience.
[23:07:43] [main/INFO]: Loading 130 mods:
	- antique_atlas 2.11.2+1.20
	- architectury 9.2.14
	- betterdeserttemples 1.20-Fabric-3.0.3
	   \-- org_reflections_reflections 0.10.2
	- betterendisland 1.20-Fabric-2.0.6
	- bettermineshafts 1.20-Fabric-4.0.4
	- betteroceanmonuments 1.20-Fabric-3.0.4
	- betterstrongholds 1.20-Fabric-4.0.3
	- bosses_of_mass_destruction 1.7.5-1.20.1
	   |-- maelstrom_library 1.6.1-1.20
	   \-- multipart_entities 1.5-1.20
	- cardinal-components 5.2.3
	   |-- cardinal-components-base 5.2.3
	   |-- cardinal-components-block 5.2.3
	   |-- cardinal-components-chunk 5.2.3
	   |-- cardinal-components-entity 5.2.3
	   |-- cardinal-components-item 5.2.3
	   |-- cardinal-components-level 5.2.3
	   |-- cardinal-components-scoreboard 5.2.3
	   \-- cardinal-components-world 5.2.3
	- carryon 2.1.2.7
	- cicada 0.10.2+1.20.1
	- cloth-config 11.1.136
	   \-- cloth-basic-math 0.6.1
	- comforts 6.4.0+1.20.1
	   \-- spectrelib 0.13.15+1.20.1
	        |-- com_electronwill_night-config_core 3.6.5
	        \-- com_electronwill_night-config_toml 3.6.5
	- creeperoverhaul 3.0.2
	- deeperdarker 1.3.3
	   \-- customportalapi 0.0.1-beta64-1.20
	- do_a_barrel_roll 3.6.1+1.20.1
	   \-- fabric-permissions-api-v0 0.2-SNAPSHOT
	- dungeons_arise_seven_seas 1.0.2
	- easyanvils 8.0.2
	- easymagic 8.0.1
	- elytraslot 6.4.4+1.20.1
	   \-- mixinsquared 0.1.2-beta.6
	- exposure 1.7.10
	- fabric-api 0.92.3+1.20.1
	   |-- fabric-api-base 0.4.31+1802ada577
	   |-- fabric-api-lookup-api-v1 1.6.36+1802ada577
	   |-- fabric-biome-api-v1 13.0.13+1802ada577
	   |-- fabric-block-api-v1 1.0.11+1802ada577
	   |-- fabric-block-view-api-v2 1.0.1+1802ada577
	   |-- fabric-blockrenderlayer-v1 1.1.41+1802ada577
	   |-- fabric-client-tags-api-v1 1.1.2+1802ada577
	   |-- fabric-command-api-v1 1.2.34+f71b366f77
	   |-- fabric-command-api-v2 2.2.13+1802ada577
	   |-- fabric-commands-v0 0.2.51+df3654b377
	   |-- fabric-containers-v0 0.1.65+df3654b377
	   |-- fabric-content-registries-v0 4.0.12+1802ada577
	   |-- fabric-convention-tags-v1 1.5.5+1802ada577
	   |-- fabric-crash-report-info-v1 0.2.19+1802ada577
	   |-- fabric-data-attachment-api-v1 1.0.1+de0fd6d177
	   |-- fabric-data-generation-api-v1 12.3.5+1802ada577
	   |-- fabric-dimensions-v1 2.1.54+1802ada577
	   |-- fabric-entity-events-v1 1.6.0+1c78457f77
	   |-- fabric-events-interaction-v0 0.6.3+13a40c6677
	   |-- fabric-events-lifecycle-v0 0.2.63+df3654b377
	   |-- fabric-game-rule-api-v1 1.0.40+1802ada577
	   |-- fabric-item-api-v1 2.1.28+1802ada577
	   |-- fabric-item-group-api-v1 4.0.13+1802ada577
	   |-- fabric-key-binding-api-v1 1.0.37+1802ada577
	   |-- fabric-keybindings-v0 0.2.35+df3654b377
	   |-- fabric-lifecycle-events-v1 2.2.22+1802ada577
	   |-- fabric-loot-api-v2 1.2.2+1802ada577
	   |-- fabric-loot-tables-v1 1.1.46+9e7660c677
	   |-- fabric-message-api-v1 5.1.9+1802ada577
	   |-- fabric-mining-level-api-v1 2.1.51+1802ada577
	   |-- fabric-model-loading-api-v1 1.0.3+1802ada577
	   |-- fabric-models-v0 0.4.2+9386d8a777
	   |-- fabric-networking-api-v1 1.3.12+13a40c6677
	   |-- fabric-networking-v0 0.3.52+df3654b377
	   |-- fabric-object-builder-api-v1 11.1.4+1802ada577
	   |-- fabric-particles-v1 1.1.2+1802ada577
	   |-- fabric-recipe-api-v1 1.0.22+1802ada577
	   |-- fabric-registry-sync-v0 2.3.4+1802ada577
	   |-- fabric-renderer-api-v1 3.2.1+1802ada577
	   |-- fabric-renderer-indigo 1.5.2+85287f9f77
	   |-- fabric-renderer-registries-v1 3.2.46+df3654b377
	   |-- fabric-rendering-data-attachment-v1 0.3.37+92a0d36777
	   |-- fabric-rendering-fluids-v1 3.0.28+1802ada577
	   |-- fabric-rendering-v0 1.1.49+df3654b377
	   |-- fabric-rendering-v1 3.0.8+1802ada577
	   |-- fabric-resource-conditions-api-v1 2.3.8+1802ada577
	   |-- fabric-resource-loader-v0 0.11.11+fb82e9d777
	   |-- fabric-screen-api-v1 2.0.8+1802ada577
	   |-- fabric-screen-handler-api-v1 1.3.31+1802ada577
	   |-- fabric-sound-api-v1 1.0.13+1802ada577
	   |-- fabric-transfer-api-v1 3.3.5+8dd72ea377
	   \-- fabric-transitive-access-wideners-v1 4.3.1+1802ada577
	- fabric-language-kotlin 1.13.2+kotlin.2.1.20
	   |-- org_jetbrains_kotlin_kotlin-reflect 2.1.20
	   |-- org_jetbrains_kotlin_kotlin-stdlib 2.1.20
	   |-- org_jetbrains_kotlin_kotlin-stdlib-jdk7 2.1.20
	   |-- org_jetbrains_kotlin_kotlin-stdlib-jdk8 2.1.20
	   |-- org_jetbrains_kotlinx_atomicfu-jvm 0.27.0
	   |-- org_jetbrains_kotlinx_kotlinx-coroutines-core-jvm 1.10.1
	   |-- org_jetbrains_kotlinx_kotlinx-coroutines-jdk8 1.10.1
	   |-- org_jetbrains_kotlinx_kotlinx-datetime-jvm 0.6.2
	   |-- org_jetbrains_kotlinx_kotlinx-io-bytestring-jvm 0.7.0
	   |-- org_jetbrains_kotlinx_kotlinx-io-core-jvm 0.7.0
	   |-- org_jetbrains_kotlinx_kotlinx-serialization-cbor-jvm 1.8.0
	   |-- org_jetbrains_kotlinx_kotlinx-serialization-core-jvm 1.8.0
	   \-- org_jetbrains_kotlinx_kotlinx-serialization-json-jvm 1.8.0
	- fabricloader 0.16.9
	   \-- mixinextras 0.4.1
	- flowerymooblooms 2.0.2
	- forgeconfigapiport 8.0.1
	- friendsandfoes 3.0.8
	   \-- reach-entity-attributes 2.4.0
	- geckolib 4.7
	   \-- com_eliotlash_mclib_mclib 20
	- hamsters fabric-1.0.3-1.20.1
	- hangglider 8.0.1
	- incendium 5.3.5
	- java 17
	- minecraft 1.20.1
	- monolib 2.0.0
	- more_bows_and_arrows 4.0.0
	- owo 0.11.2+1.20
	   \-- blue_endless_jankson 1.2.2
	- puzzleslib 8.1.29
	   \-- puzzlesaccessapi 20.1.1
	- resourcefulconfig 2.1.3
	- resourcefullib 2.1.29
	   |-- com_teamresourceful_bytecodecs 1.0.2
	   \-- com_teamresourceful_yabn 1.0.3
	- scout 2.0.4+1.20.1
	   |-- lib39-core 1.5.0-experimental6.1+1.20.1
	   \-- lib39-dessicant 1.5.0-experimental6.1+1.20.1
	- simplyswords 1.56.0-1.20.1
	   \-- spruceui 5.0.0+1.20
	- structory 1.3.5
	- structory_towers 1.0.7
	- surveyor 0.6.26+1.20
	   \-- folk_sisby_kaleido-config 0.3.1+1.3.2
	- terralith 2.5.4
	- trinkets 3.7.2
	- watching 1.9.2
	- yet_another_config_lib_v3 3.6.3+1.20.1-fabric
	   \-- mixinextras 0.4.1
	- yungsapi 1.20-Fabric-4.0.6
	   \-- org_javassist_javassist 3.29.2-GA
[23:07:44] [main/INFO]: SpongePowered MIXIN Subsystem Version=0.8.7 Source=file:/workspaces/server/servidor_minecraft/libraries/net/fabricmc/sponge-mixin/0.15.4+mixin.0.8.7/sponge-mixin-0.15.4+mixin.0.8.7.jar Service=Knot/Fabric Env=SERVER
[23:07:44] [main/INFO]: Compatibility level set to JAVA_17
[23:07:44] [main/WARN]: Reference map 'hamsters-refmap.json' for hamsters.mixins.json could not be read. If this is a development environment you can ignore this message
[23:07:44] [main/WARN]: Reference map 'puzzlesaccessapi.common.refmap.json' for puzzlesaccessapi.common.mixins.json could not be read. If this is a development environment you can ignore this message
[23:07:44] [main/WARN]: Reference map 'puzzlesaccessapi.fabric.refmap.json' for puzzlesaccessapi.fabric.mixins.json could not be read. If this is a development environment you can ignore this message
[23:07:44] [main/WARN]: Reference map 'simplyswords-fabric-refmap.json' for simplyswords.mixins.json could not be read. If this is a development environment you can ignore this message
[23:07:45] [main/WARN]: Error loading class: fr/catcore/server/translations/api/resource/language/SystemDelegatedLanguage (java.lang.ClassNotFoundException: fr/catcore/server/translations/api/resource/language/SystemDelegatedLanguage)
[23:07:45] [main/WARN]: Error loading class: net/minecraft/unmapped/C_mxrobsgg$C_wdomexrk (java.lang.ClassNotFoundException: net/minecraft/unmapped/C_mxrobsgg$C_wdomexrk)
[23:07:45] [main/WARN]: Error loading class: net/minecraft/server/network/ServerPlayerEntity$2 (java.lang.ClassNotFoundException: net/minecraft/server/network/ServerPlayerEntity$2)
[23:07:45] [main/WARN]: Error loading class: net/minecraft/unmapped/C_mxrobsgg$C_wdomexrk (java.lang.ClassNotFoundException: net/minecraft/unmapped/C_mxrobsgg$C_wdomexrk)
[23:07:45] [main/WARN]: Error loading class: net/minecraft/server/network/ServerPlayerEntity$2 (java.lang.ClassNotFoundException: net/minecraft/server/network/ServerPlayerEntity$2)
[23:07:45] [main/WARN]: Error loading class: net/minecraft/unmapped/C_mxrobsgg$C_wdomexrk (java.lang.ClassNotFoundException: net/minecraft/unmapped/C_mxrobsgg$C_wdomexrk)
[23:07:45] [main/WARN]: Error loading class: net/minecraft/server/network/ServerPlayerEntity$2 (java.lang.ClassNotFoundException: net/minecraft/server/network/ServerPlayerEntity$2)
[23:07:45] [main/INFO]: Initializing MixinExtras via com.llamalad7.mixinextras.service.MixinExtrasServiceImpl(version=0.4.1).
[23:07:57] [main/INFO]: Reflections took 85 ms to scan 1 urls, producing 1 keys and 2 values
[23:07:57] [main/INFO]: Reflections took 3 ms to scan 1 urls, producing 1 keys and 2 values
[23:07:57] [main/INFO]: Reflections took 3 ms to scan 1 urls, producing 1 keys and 2 values
[23:07:57] [main/INFO]: Reflections took 5 ms to scan 1 urls, producing 1 keys and 2 values
[23:07:57] [main/INFO]: Reflections took 2 ms to scan 1 urls, producing 1 keys and 2 values
[23:07:57] [main/INFO]: Reflections took 4 ms to scan 1 urls, producing 1 keys and 2 values
[23:07:57] [main/INFO]: Reflections took 4 ms to scan 1 urls, producing 1 keys and 1 values
[23:07:57] [main/INFO]: Reflections took 2 ms to scan 1 urls, producing 1 keys and 1 values
[23:07:57] [main/INFO]: Reflections took 3 ms to scan 1 urls, producing 1 keys and 2 values
[23:07:57] [main/INFO]: Reflections took 6 ms to scan 1 urls, producing 1 keys and 2 values
[23:07:58] [main/ERROR]: No data fixer registered for jungle_creeper
[23:07:58] [main/ERROR]: No data fixer registered for bamboo_creeper
[23:07:58] [main/ERROR]: No data fixer registered for desert_creeper
[23:07:58] [main/ERROR]: No data fixer registered for badlands_creeper
[23:07:58] [main/ERROR]: No data fixer registered for hills_creeper
[23:07:58] [main/ERROR]: No data fixer registered for savannah_creeper
[23:07:58] [main/ERROR]: No data fixer registered for mushroom_creeper
[23:07:58] [main/ERROR]: No data fixer registered for swamp_creeper
[23:07:58] [main/ERROR]: No data fixer registered for dripstone_creeper
[23:07:58] [main/ERROR]: No data fixer registered for cave_creeper
[23:07:58] [main/ERROR]: No data fixer registered for dark_oak_creeper
[23:07:58] [main/ERROR]: No data fixer registered for spruce_creeper
[23:07:58] [main/ERROR]: No data fixer registered for beach_creeper
[23:07:58] [main/ERROR]: No data fixer registered for snowy_creeper
[23:07:58] [main/ERROR]: No data fixer registered for ocean_creeper
[23:07:58] [Cicada thread 0/INFO]: [do_a_barrel_roll] Why play a flight sim when you have modded Minecraft?
[23:07:58] [main/ERROR]: No data fixer registered for crystallized_amber
[23:07:58] [main/ERROR]: No data fixer registered for sculk_jaw
[23:07:58] [main/INFO]: Hello Fabric world!
[23:07:59] [main/INFO]: Constructing common components for easyanvils:main
[23:07:59] [main/INFO]: Constructing common components for easymagic:main
[23:07:59] [main/INFO]: Constructing common components for hangglider:main
[23:07:59] [main/INFO]: [STDOUT]: No matching files were found.
[23:07:59] [main/INFO]: chyz: bro, can you stop breathing
[23:07:59] [main/INFO]: Constructing common components for puzzleslib:main
[23:08:00] [main/ERROR]: No data fixer registered for battlestandard
[23:08:00] [main/ERROR]: No data fixer registered for battlestandarddark
[23:08:00] [main/ERROR]: No data fixer registered for simplyswords:simplybeeentity
[23:08:00] [main/INFO]: [STDOUT]: /workspaces/server/servidor_minecraft/config
[23:08:00] [main/INFO]: [Surveyor] is not a map mod
[23:08:00] [main/INFO]: Reflections took 3 ms to scan 1 urls, producing 1 keys and 4 values
[23:08:00] [main/INFO]: Reflections took 5 ms to scan 1 urls, producing 1 keys and 4 values
[23:08:00] [main/INFO]: Environment: authHost='https://authserver.mojang.com', accountsHost='https://api.mojang.com', sessionHost='https://sessionserver.mojang.com', servicesHost='https://api.minecraftservices.com', name='PROD'
[23:08:03] [main/INFO]: [fabric-registry-sync] Loaded registry data [file 1/4]
[23:08:04] [Worker-Main-2/ERROR]: Couldn't load tag create:pressurized_air_sources as it is missing following references: deeperdarker:warden_backtank (from fabric)
[23:08:05] [Worker-Main-2/ERROR]: Couldn't parse element loot_tables:deeperdarker:blocks/warden_backtank
com.google.gson.JsonSyntaxException: Expected name to be an item, was unknown string 'deeperdarker:warden_backtank'
	at net.minecraft.class_3518.method_17995(class_3518.java:145) ~[server-intermediary.jar:?]
	at java.util.Optional.orElseThrow(Optional.java:403) ~[?:?]
	at net.minecraft.class_3518.method_15256(class_3518.java:145) ~[server-intermediary.jar:?]
	at net.minecraft.class_3518.method_15288(class_3518.java:153) ~[server-intermediary.jar:?]
	at net.minecraft.class_77$class_78.method_413(class_77.java:55) ~[server-intermediary.jar:?]
	at net.minecraft.class_77$class_78.method_443(class_77.java:40) ~[server-intermediary.jar:?]
	at net.minecraft.class_85$class_90.method_441(class_85.java:151) ~[server-intermediary.jar:?]
	at net.minecraft.class_85$class_90.method_424(class_85.java:129) ~[server-intermediary.jar:?]
	at net.minecraft.class_79$class_5337.method_29319(class_79.java:86) ~[server-intermediary.jar:?]
	at net.minecraft.class_79$class_5337.method_517(class_79.java:74) ~[server-intermediary.jar:?]
	at net.minecraft.class_5330$class_5333.deserialize(class_5330.java:102) ~[server-intermediary.jar:?]
	at com.google.gson.internal.bind.TreeTypeAdapter.read(TreeTypeAdapter.java:76) ~[gson-2.10.jar:?]
	at com.google.gson.internal.bind.TypeAdapterRuntimeTypeWrapper.read(TypeAdapterRuntimeTypeWrapper.java:40) ~[gson-2.10.jar:?]
	at com.google.gson.internal.bind.ArrayTypeAdapter.read(ArrayTypeAdapter.java:72) ~[gson-2.10.jar:?]
	at com.google.gson.Gson.fromJson(Gson.java:1214) ~[gson-2.10.jar:?]
	at com.google.gson.Gson.fromJson(Gson.java:1319) ~[gson-2.10.jar:?]
	at com.google.gson.Gson.fromJson(Gson.java:1290) ~[gson-2.10.jar:?]
	at com.google.gson.internal.bind.TreeTypeAdapter$GsonContextImpl.deserialize(TreeTypeAdapter.java:179) ~[gson-2.10.jar:?]
	at net.minecraft.class_3518.method_15291(class_3518.java:463) ~[server-intermediary.jar:?]
	at net.minecraft.class_3518.method_15272(class_3518.java:471) ~[server-intermediary.jar:?]
	at net.minecraft.class_55$class_57.method_358(class_55.java:173) ~[server-intermediary.jar:?]
	at net.minecraft.class_55$class_57.deserialize(class_55.java:169) ~[server-intermediary.jar:?]
	at com.google.gson.internal.bind.TreeTypeAdapter.read(TreeTypeAdapter.java:76) ~[gson-2.10.jar:?]
	at com.google.gson.internal.bind.TypeAdapterRuntimeTypeWrapper.read(TypeAdapterRuntimeTypeWrapper.java:40) ~[gson-2.10.jar:?]
	at com.google.gson.internal.bind.ArrayTypeAdapter.read(ArrayTypeAdapter.java:72) ~[gson-2.10.jar:?]
	at com.google.gson.Gson.fromJson(Gson.java:1214) ~[gson-2.10.jar:?]
	at com.google.gson.Gson.fromJson(Gson.java:1319) ~[gson-2.10.jar:?]
	at com.google.gson.Gson.fromJson(Gson.java:1290) ~[gson-2.10.jar:?]
	at com.google.gson.internal.bind.TreeTypeAdapter$GsonContextImpl.deserialize(TreeTypeAdapter.java:179) ~[gson-2.10.jar:?]
	at net.minecraft.class_3518.method_15291(class_3518.java:463) ~[server-intermediary.jar:?]
	at net.minecraft.class_3518.method_15283(class_3518.java:481) ~[server-intermediary.jar:?]
	at net.minecraft.class_52$class_54.method_340(class_52.java:250) ~[server-intermediary.jar:?]
	at net.minecraft.class_52$class_54.deserialize(class_52.java:246) ~[server-intermediary.jar:?]
	at com.google.gson.internal.bind.TreeTypeAdapter.read(TreeTypeAdapter.java:76) ~[gson-2.10.jar:?]
	at com.google.gson.Gson.fromJson(Gson.java:1214) ~[gson-2.10.jar:?]
	at com.google.gson.Gson.fromJson(Gson.java:1319) ~[gson-2.10.jar:?]
	at com.google.gson.Gson.fromJson(Gson.java:1261) ~[gson-2.10.jar:?]
	at net.minecraft.class_8490.method_51205(class_8490.java:64) ~[server-intermediary.jar:?]
	at net.minecraft.class_8490.method_51204(class_8490.java:48) ~[server-intermediary.jar:?]
	at net.minecraft.class_60.method_51195(class_60.java:55) ~[server-intermediary.jar:?]
	at java.util.HashMap.forEach(HashMap.java:1421) ~[?:?]
	at net.minecraft.class_60.method_51189(class_60.java:55) ~[server-intermediary.jar:?]
	at java.util.concurrent.CompletableFuture$AsyncRun.run(CompletableFuture.java:1804) ~[?:?]
	at java.util.concurrent.CompletableFuture$AsyncRun.exec(CompletableFuture.java:1796) ~[?:?]
	at java.util.concurrent.ForkJoinTask.doExec(ForkJoinTask.java:373) ~[?:?]
	at java.util.concurrent.ForkJoinPool$WorkQueue.topLevelExec(ForkJoinPool.java:1182) ~[?:?]
	at java.util.concurrent.ForkJoinPool.scan(ForkJoinPool.java:1655) ~[?:?]
	at java.util.concurrent.ForkJoinPool.runWorker(ForkJoinPool.java:1622) ~[?:?]
	at java.util.concurrent.ForkJoinWorkerThread.run(ForkJoinWorkerThread.java:165) ~[?:?]
[23:08:07] [main/ERROR]: Parsing error loading recipe deeperdarker:warden_diving_boots_smithing
com.google.gson.JsonSyntaxException: Unknown item 'create:netherite_diving_boots'
	at net.minecraft.class_1869.method_17878(class_1869.java:272) ~[server-intermediary.jar:?]
	at java.util.Optional.orElseThrow(Optional.java:403) ~[?:?]
	at net.minecraft.class_1869.method_8155(class_1869.java:272) ~[server-intermediary.jar:?]
	at net.minecraft.class_1856.method_8107(class_1856.java:160) ~[server-intermediary.jar:?]
	at net.minecraft.class_1856.method_8102(class_1856.java:143) ~[server-intermediary.jar:?]
	at net.minecraft.class_1856.method_52177(class_1856.java:135) ~[server-intermediary.jar:?]
	at net.minecraft.class_8060$class_8061.method_48455(class_8060.java:88) ~[server-intermediary.jar:?]
	at net.minecraft.class_8060$class_8061.method_8121(class_8060.java:84) ~[server-intermediary.jar:?]
	at net.minecraft.class_1863.method_17720(class_1863.java:135) ~[server-intermediary.jar:?]
	at net.minecraft.class_1863.method_20705(class_1863.java:56) ~[server-intermediary.jar:?]
	at net.minecraft.class_1863.method_18788(class_1863.java:35) ~[server-intermediary.jar:?]
	at net.minecraft.class_4080.method_18790(class_4080.java:13) ~[server-intermediary.jar:?]
	at java.util.concurrent.CompletableFuture$UniAccept.tryFire(CompletableFuture.java:718) ~[?:?]
	at java.util.concurrent.CompletableFuture$Completion.run(CompletableFuture.java:482) ~[?:?]
	at net.minecraft.class_4014.method_18365(class_4014.java:69) ~[server-intermediary.jar:?]
	at net.minecraft.class_156.method_43498(class_156.java:950) ~[server-intermediary.jar:?]
	at net.minecraft.class_156.method_43499(class_156.java:938) ~[server-intermediary.jar:?]
	at net.minecraft.server.Main.main(Main.java:160) ~[server-intermediary.jar:?]
	at net.fabricmc.loader.impl.game.minecraft.MinecraftGameProvider.launch(MinecraftGameProvider.java:480) ~[fabric-loader-0.16.9.jar:?]
	at net.fabricmc.loader.impl.launch.knot.Knot.launch(Knot.java:74) ~[fabric-loader-0.16.9.jar:?]
	at net.fabricmc.loader.impl.launch.knot.KnotServer.main(KnotServer.java:23) ~[fabric-loader-0.16.9.jar:?]
	at net.fabricmc.loader.impl.launch.server.FabricServerLauncher.main(FabricServerLauncher.java:69) ~[fabric-loader-0.16.9.jar:?]
	at net.fabricmc.installer.ServerLauncher.main(ServerLauncher.java:69) ~[fabric-server-launch.jar:1.0.1]
[23:08:07] [main/ERROR]: Parsing error loading recipe deeperdarker:warden_diving_helmet_smithing
com.google.gson.JsonSyntaxException: Unknown item 'create:netherite_diving_helmet'
	at net.minecraft.class_1869.method_17878(class_1869.java:272) ~[server-intermediary.jar:?]
	at java.util.Optional.orElseThrow(Optional.java:403) ~[?:?]
	at net.minecraft.class_1869.method_8155(class_1869.java:272) ~[server-intermediary.jar:?]
	at net.minecraft.class_1856.method_8107(class_1856.java:160) ~[server-intermediary.jar:?]
	at net.minecraft.class_1856.method_8102(class_1856.java:143) ~[server-intermediary.jar:?]
	at net.minecraft.class_1856.method_52177(class_1856.java:135) ~[server-intermediary.jar:?]
	at net.minecraft.class_8060$class_8061.method_48455(class_8060.java:88) ~[server-intermediary.jar:?]
	at net.minecraft.class_8060$class_8061.method_8121(class_8060.java:84) ~[server-intermediary.jar:?]
	at net.minecraft.class_1863.method_17720(class_1863.java:135) ~[server-intermediary.jar:?]
	at net.minecraft.class_1863.method_20705(class_1863.java:56) ~[server-intermediary.jar:?]
	at net.minecraft.class_1863.method_18788(class_1863.java:35) ~[server-intermediary.jar:?]
	at net.minecraft.class_4080.method_18790(class_4080.java:13) ~[server-intermediary.jar:?]
	at java.util.concurrent.CompletableFuture$UniAccept.tryFire(CompletableFuture.java:718) ~[?:?]
	at java.util.concurrent.CompletableFuture$Completion.run(CompletableFuture.java:482) ~[?:?]
	at net.minecraft.class_4014.method_18365(class_4014.java:69) ~[server-intermediary.jar:?]
	at net.minecraft.class_156.method_43498(class_156.java:950) ~[server-intermediary.jar:?]
	at net.minecraft.class_156.method_43499(class_156.java:938) ~[server-intermediary.jar:?]
	at net.minecraft.server.Main.main(Main.java:160) ~[server-intermediary.jar:?]
	at net.fabricmc.loader.impl.game.minecraft.MinecraftGameProvider.launch(MinecraftGameProvider.java:480) ~[fabric-loader-0.16.9.jar:?]
	at net.fabricmc.loader.impl.launch.knot.Knot.launch(Knot.java:74) ~[fabric-loader-0.16.9.jar:?]
	at net.fabricmc.loader.impl.launch.knot.KnotServer.main(KnotServer.java:23) ~[fabric-loader-0.16.9.jar:?]
	at net.fabricmc.loader.impl.launch.server.FabricServerLauncher.main(FabricServerLauncher.java:69) ~[fabric-loader-0.16.9.jar:?]
	at net.fabricmc.installer.ServerLauncher.main(ServerLauncher.java:69) ~[fabric-server-launch.jar:1.0.1]
[23:08:07] [main/ERROR]: Parsing error loading recipe deeperdarker:warden_backtank_smithing
com.google.gson.JsonSyntaxException: Unknown item 'create:netherite_backtank'
	at net.minecraft.class_1869.method_17878(class_1869.java:272) ~[server-intermediary.jar:?]
	at java.util.Optional.orElseThrow(Optional.java:403) ~[?:?]
	at net.minecraft.class_1869.method_8155(class_1869.java:272) ~[server-intermediary.jar:?]
	at net.minecraft.class_1856.method_8107(class_1856.java:160) ~[server-intermediary.jar:?]
	at net.minecraft.class_1856.method_8102(class_1856.java:143) ~[server-intermediary.jar:?]
	at net.minecraft.class_1856.method_52177(class_1856.java:135) ~[server-intermediary.jar:?]
	at net.minecraft.class_8060$class_8061.method_48455(class_8060.java:88) ~[server-intermediary.jar:?]
	at net.minecraft.class_8060$class_8061.method_8121(class_8060.java:84) ~[server-intermediary.jar:?]
	at net.minecraft.class_1863.method_17720(class_1863.java:135) ~[server-intermediary.jar:?]
	at net.minecraft.class_1863.method_20705(class_1863.java:56) ~[server-intermediary.jar:?]
	at net.minecraft.class_1863.method_18788(class_1863.java:35) ~[server-intermediary.jar:?]
	at net.minecraft.class_4080.method_18790(class_4080.java:13) ~[server-intermediary.jar:?]
	at java.util.concurrent.CompletableFuture$UniAccept.tryFire(CompletableFuture.java:718) ~[?:?]
	at java.util.concurrent.CompletableFuture$Completion.run(CompletableFuture.java:482) ~[?:?]
	at net.minecraft.class_4014.method_18365(class_4014.java:69) ~[server-intermediary.jar:?]
	at net.minecraft.class_156.method_43498(class_156.java:950) ~[server-intermediary.jar:?]
	at net.minecraft.class_156.method_43499(class_156.java:938) ~[server-intermediary.jar:?]
	at net.minecraft.server.Main.main(Main.java:160) ~[server-intermediary.jar:?]
	at net.fabricmc.loader.impl.game.minecraft.MinecraftGameProvider.launch(MinecraftGameProvider.java:480) ~[fabric-loader-0.16.9.jar:?]
	at net.fabricmc.loader.impl.launch.knot.Knot.launch(Knot.java:74) ~[fabric-loader-0.16.9.jar:?]
	at net.fabricmc.loader.impl.launch.knot.KnotServer.main(KnotServer.java:23) ~[fabric-loader-0.16.9.jar:?]
	at net.fabricmc.loader.impl.launch.server.FabricServerLauncher.main(FabricServerLauncher.java:69) ~[fabric-loader-0.16.9.jar:?]
	at net.fabricmc.installer.ServerLauncher.main(ServerLauncher.java:69) ~[fabric-server-launch.jar:1.0.1]
[23:08:07] [main/INFO]: Loaded 7 recipes
[23:08:07] [main/ERROR]: Failed to load function watching:check
java.util.concurrent.CompletionException: java.lang.IllegalArgumentException: Whilst parsing command on line 1: Unknown or incomplete command, see below for error at position 0: <--[HERE]
	at java.util.concurrent.CompletableFuture.encodeThrowable(CompletableFuture.java:315) ~[?:?]
	at java.util.concurrent.CompletableFuture.completeThrowable(CompletableFuture.java:320) ~[?:?]
	at java.util.concurrent.CompletableFuture$AsyncSupply.run(CompletableFuture.java:1770) ~[?:?]
	at java.util.concurrent.CompletableFuture$AsyncSupply.exec(CompletableFuture.java:1760) ~[?:?]
	at java.util.concurrent.ForkJoinTask.doExec(ForkJoinTask.java:373) ~[?:?]
	at java.util.concurrent.ForkJoinPool$WorkQueue.topLevelExec(ForkJoinPool.java:1182) ~[?:?]
	at java.util.concurrent.ForkJoinPool.scan(ForkJoinPool.java:1655) ~[?:?]
	at java.util.concurrent.ForkJoinPool.runWorker(ForkJoinPool.java:1622) ~[?:?]
	at java.util.concurrent.ForkJoinWorkerThread.run(ForkJoinWorkerThread.java:165) ~[?:?]
Caused by: java.lang.IllegalArgumentException: Whilst parsing command on line 1: Unknown or incomplete command, see below for error at position 0: <--[HERE]
	at net.minecraft.class_2158.method_9195(class_2158.java:63) ~[server-intermediary.jar:?]
	at net.minecraft.class_5349.method_29451(class_5349.java:83) ~[server-intermediary.jar:?]
	at java.util.concurrent.CompletableFuture$AsyncSupply.run(CompletableFuture.java:1768) ~[?:?]
	... 6 more
[23:08:07] [main/INFO]: Loaded 1803 advancements
[23:08:07] [main/INFO]: Loading exposure lenses:
[23:08:07] [main/INFO]: Lens [exposure:spyglass, FocalRange[min=55, max=200]] added.
[23:08:09] [main/INFO]: Applied 485 biome modifications to 153 of 175 new biomes in 36.03 ms
[23:08:09] [Server thread/INFO]: Loading server config for easyanvils
[23:08:09] [Thread-2/INFO]: Reloading server config for easyanvils
[23:08:09] [Thread-2/INFO]: Reloading server config for easyanvils
[23:08:09] [Server thread/INFO]: Loading server config for easymagic
[23:08:09] [Thread-2/INFO]: Reloading server config for easymagic
[23:08:09] [Thread-2/INFO]: Reloading server config for easymagic
[23:08:09] [Server thread/INFO]: Loading server config for hangglider
[23:08:09] [Thread-2/INFO]: Reloading server config for hangglider
[23:08:09] [Thread-2/INFO]: Reloading server config for hangglider
[23:08:09] [Server thread/INFO]: Starting minecraft server version 1.20.1
[23:08:09] [Server thread/INFO]: Loading properties
[23:08:09] [Server thread/INFO]: Default game type: SURVIVAL
[23:08:09] [Server thread/INFO]: Generating keypair
[23:08:09] [Server thread/INFO]: Starting Minecraft server on *:25565
[23:08:09] [Server thread/INFO]: Using epoll channel type
[23:08:09] [Server thread/WARN]: **** SERVER IS RUNNING IN OFFLINE/INSECURE MODE!
[23:08:09] [Server thread/WARN]: The server will make no attempt to authenticate usernames. Beware.
[23:08:09] [Server thread/WARN]: While this makes the game possible to play without internet access, it also opens up the ability for hackers to connect with any username they choose.
[23:08:09] [Server thread/WARN]: To change this, set "online-mode" to "true" in the server.properties file.
[23:08:09] [Server thread/INFO]: Preparing level "world"
[23:08:09] [Server thread/INFO]: [Surveyor] Loading data for minecraft:overworld
[23:08:10] [Server thread/INFO]: [Surveyor] Finished loading data for minecraft:overworld
[23:08:10] [Server thread/INFO]: [Surveyor] Loading data for minecraft:the_end
[23:08:10] [Server thread/INFO]: [Surveyor] Finished loading data for minecraft:the_end
[23:08:14] [Server thread/INFO]: [Surveyor] Loading data for deeperdarker:otherside
[23:08:14] [Server thread/INFO]: [Surveyor] Finished loading data for deeperdarker:otherside
[23:08:14] [Server thread/INFO]: [Surveyor] Loading data for minecraft:the_nether
[23:08:14] [Server thread/INFO]: [Surveyor] Finished loading data for minecraft:the_nether
[23:08:14] [Server thread/INFO]: Preparing start region for dimension minecraft:overworld
[23:08:19] [Worker-Main-1/INFO]: Preparing spawn area: 0%
[23:08:19] [Worker-Main-1/INFO]: Preparing spawn area: 0%
[23:08:19] [Worker-Main-1/INFO]: Preparing spawn area: 0%
[23:08:19] [Worker-Main-1/INFO]: Preparing spawn area: 0%
[23:08:19] [Worker-Main-3/INFO]: Preparing spawn area: 0%
[23:08:19] [Worker-Main-2/INFO]: Preparing spawn area: 0%
[23:08:19] [Worker-Main-2/INFO]: Preparing spawn area: 0%
[23:08:19] [Worker-Main-2/INFO]: Preparing spawn area: 0%
[23:08:19] [Worker-Main-2/INFO]: Preparing spawn area: 0%
[23:08:19] [Worker-Main-2/INFO]: Preparing spawn area: 0%
[23:08:19] [Worker-Main-2/INFO]: Preparing spawn area: 0%
[23:08:19] [Worker-Main-1/INFO]: Preparing spawn area: 0%
[23:08:20] [Worker-Main-2/INFO]: Preparing spawn area: 0%
[23:08:20] [Worker-Main-1/INFO]: Preparing spawn area: 2%
[23:08:21] [Worker-Main-2/INFO]: Preparing spawn area: 4%
[23:08:21] [Worker-Main-1/INFO]: Preparing spawn area: 8%
[23:08:22] [Worker-Main-3/INFO]: Preparing spawn area: 9%
[23:08:22] [Worker-Main-2/INFO]: Preparing spawn area: 11%
[23:08:25] [Worker-Main-2/INFO]: Preparing spawn area: 15%
[23:08:25] [Worker-Main-3/INFO]: Preparing spawn area: 15%
[23:08:25] [Worker-Main-2/INFO]: Preparing spawn area: 15%
[23:08:25] [Worker-Main-3/INFO]: Preparing spawn area: 15%
[23:08:25] [Worker-Main-1/INFO]: Preparing spawn area: 15%
[23:08:25] [Worker-Main-1/INFO]: Preparing spawn area: 16%
[23:08:26] [Worker-Main-1/INFO]: Preparing spawn area: 22%
[23:08:26] [Worker-Main-2/INFO]: Preparing spawn area: 31%
[23:08:27] [Worker-Main-2/INFO]: Preparing spawn area: 43%
[23:08:27] [Worker-Main-1/INFO]: Preparing spawn area: 54%
[23:08:28] [Worker-Main-1/INFO]: Preparing spawn area: 65%
[23:08:28] [Worker-Main-1/INFO]: Preparing spawn area: 68%
[23:08:29] [Worker-Main-1/INFO]: Preparing spawn area: 74%
[23:08:30] [Worker-Main-3/INFO]: Preparing spawn area: 76%
[23:08:30] [Worker-Main-3/INFO]: Preparing spawn area: 79%
[23:08:30] [Worker-Main-2/INFO]: Preparing spawn area: 83%
[23:08:31] [Worker-Main-3/INFO]: Preparing spawn area: 83%
[23:08:31] [Worker-Main-1/INFO]: Preparing spawn area: 84%
[23:08:32] [Worker-Main-3/INFO]: Preparing spawn area: 85%
[23:08:32] [Worker-Main-3/INFO]: Preparing spawn area: 88%
[23:08:33] [Worker-Main-2/INFO]: Preparing spawn area: 89%
[23:08:33] [Worker-Main-1/INFO]: Preparing spawn area: 92%
[23:08:34] [Worker-Main-1/INFO]: Preparing spawn area: 95%
[23:08:34] [Worker-Main-3/INFO]: Preparing spawn area: 97%
[23:08:35] [Worker-Main-3/INFO]: Preparing spawn area: 99%
[23:08:35] [Server thread/INFO]: Time elapsed: 21434 ms
[23:08:35] [Server thread/INFO]: Done (26.101s)! For help, type "help"
[23:08:48] [Server thread/WARN]: Error loading class: net/minecraft/unmapped/C_mxrobsgg$C_wdomexrk (java.lang.ClassNotFoundException: net/minecraft/unmapped/C_mxrobsgg$C_wdomexrk)
[23:08:48] [Server thread/WARN]: Error loading class: net/minecraft/server/network/ServerPlayerEntity$2 (java.lang.ClassNotFoundException: net/minecraft/server/network/ServerPlayerEntity$2)
[23:08:48] [Server thread/INFO]: naiositoss[/100.64.250.25:52201] logged in with entity id 76 at (97942.50808507435, 88.0, 100156.09029979794)
[23:08:48] [Server thread/INFO]: naiositoss joined the game
[23:08:50] [Netty Epoll Server IO #2/INFO]: [do_a_barrel_roll] Client of naiositoss accepted server config.
[23:08:50] [Server thread/WARN]: Can't keep up! Is the server overloaded? Running 2122ms or 42 ticks behind
[23:08:52] [Server thread/WARN]: UUID of added entity already exists: class_1451['Cat'/223, l='ServerLevel[world]', x=98052.53, y=74.00, z=100118.79]
[23:15:37] [Server thread/INFO]: naiositoss was slain by Spider
[23:15:38] [Netty Epoll Server IO #2/INFO]: [do_a_barrel_roll] Client of naiositoss accepted server config.
[23:18:59] [Server thread/INFO]: naiositoss has made the advancement [Isn't It Iron Pick]
[23:28:54] [Server thread/INFO]: [naiositoss: Gave 1 [Lime Bed] to naiositoss]
[23:28:59] [Server thread/INFO]: [Not Secure] <naiositoss> wZ
[23:29:17] [Server thread/INFO]: [naiositoss: Made naiositosss no longer a server operator]
[23:29:21] [Server thread/INFO]: [naiositoss: Made naiositoss no longer a server operator]
[23:29:21] [Netty Epoll Server IO #2/INFO]: [do_a_barrel_roll] Client of naiositoss accepted server config.
[23:32:22] [Server thread/INFO]: naiositoss has made the advancement [Not Today, Thank You]
[23:32:51] [Server thread/INFO]: naiositoss has made the advancement [Diamonds!]
